{
    "Should run without failures": {
        "content": [
            [
                "service-info.json:md5,8e4874e8eb9e8b84e13bbb22d1e644a9",
                "workflow-load.json:md5,4f02d5a24ab89aa648cd4346785c8f2c",
                "workflow-metrics.json:md5,70dd1af37145c8c2d23836fe850622e7",
                "workflow-tasks.json:md5,577a7472816b7729012a9291d97ff150",
                "workflow.json:md5,658701f8d7af1b7112534a7f58cd9aa7"
            ],
            null
        ],
        "meta": {
            "nf-test": "0.8.4",
            "nextflow": "23.10.1"
        },
        "timestamp": "2024-04-29T21:17:42.262920662"
    }
}